Copyright 1986-2018 Xilinx, Inc. All Rights Reserved.
-----------------------------------------------------------------------------------------
| Tool Version : Vivado v.2018.3 (lin64) Build 2405991 Thu Dec  6 23:36:41 MST 2018
| Date         : Fri Mar 15 05:37:23 2019
| Host         : H370HD3 running 64-bit Ubuntu 18.04.2 LTS
| Command      : report_control_sets -verbose -file top_zedboard_control_sets_placed.rpt
| Design       : top_zedboard
| Device       : xc7z020
-----------------------------------------------------------------------------------------

Control Set Information

Table of Contents
-----------------
1. Summary
2. Histogram
3. Flip-Flop Distribution
4. Detailed Control Set Information

1. Summary
----------

+----------------------------------------------------------+-------+
|                          Status                          | Count |
+----------------------------------------------------------+-------+
| Number of unique control sets                            |    79 |
| Unused register locations in slices containing registers |   196 |
+----------------------------------------------------------+-------+


2. Histogram
------------

+--------+--------------+
| Fanout | Control Sets |
+--------+--------------+
|      1 |            5 |
|      2 |            1 |
|      4 |            1 |
|      5 |            2 |
|      7 |            5 |
|      8 |            4 |
|      9 |            2 |
|     10 |            3 |
|     11 |            2 |
|     12 |            3 |
|     13 |            2 |
|     14 |            1 |
|     15 |            2 |
|    16+ |           46 |
+--------+--------------+


3. Flip-Flop Distribution
-------------------------

+--------------+-----------------------+------------------------+-----------------+--------------+
| Clock Enable | Synchronous Set/Reset | Asynchronous Set/Reset | Total Registers | Total Slices |
+--------------+-----------------------+------------------------+-----------------+--------------+
| No           | No                    | No                     |              20 |           13 |
| No           | No                    | Yes                    |              63 |           21 |
| No           | Yes                   | No                     |               7 |            2 |
| Yes          | No                    | No                     |               7 |            4 |
| Yes          | No                    | Yes                    |            1619 |          676 |
| Yes          | Yes                   | No                     |               0 |            0 |
+--------------+-----------------------+------------------------+-----------------+--------------+


4. Detailed Control Set Information
-----------------------------------

+----------------------------------------------------------------+------------------------------------------------------------------------------------------------------------------------------------------------------------------------+-----------------------------------------------------------------------+------------------+----------------+
|                          Clock Signal                          |                                                                              Enable Signal                                                                             |                            Set/Reset Signal                           | Slice Load Count | Bel Load Count |
+----------------------------------------------------------------+------------------------------------------------------------------------------------------------------------------------------------------------------------------------+-----------------------------------------------------------------------+------------------+----------------+
|  U_localbus/U_top_vgacontroller/U_pll_pixelclock/inst/pixelclk | U_localbus/U_top_vgacontroller/U_fnc_vgacontroller/vsync_i_1_n_0                                                                                                       | U_localbus/U_top_vgacontroller/U_fnc_vgacontroller/rst_n_reg          |                1 |              1 |
|  clk_IBUF_BUFG                                                 | u_top_core/u_top_execute/FSM_onehot_current_reg[4][0]                                                                                                                  | U_localbus/U_top_gpio/U_fnc_gpio/DeigtalFilter[4].U_dfilter/rst_n_reg |                1 |              1 |
|  U_localbus/U_top_vgacontroller/U_pll_pixelclock/inst/pixelclk | U_localbus/U_top_vgacontroller/U_fnc_vgacontroller/hsync_i_1_n_0                                                                                                       | U_localbus/U_top_vgacontroller/U_fnc_vgacontroller/rst_n_reg          |                1 |              1 |
|  clk_IBUF_BUFG                                                 | u_top_core/u_register_file/data[31]_i_1_n_0                                                                                                                            | u_top_core/u_register_file/x30/rst_n_reg                              |                1 |              1 |
|  clk_IBUF_BUFG                                                 | u_top_core/u_statemachine/FSM_onehot_current_reg[2]_0[0]                                                                                                               | U_localbus/U_top_vgacontroller/U_fnc_vgacontroller/rst_n_reg          |                1 |              1 |
|  clk_IBUF_BUFG                                                 |                                                                                                                                                                        | u_top_core/u_instruction_decode/u_o5/rst_n_reg                        |                2 |              2 |
|  clk_IBUF_BUFG                                                 | u_top_core/u_top_memoryaccess/latch_memoryaccess_reg[0]_3[0]                                                                                                           | u_top_core/u_register_file/x19/rst_n_reg                              |                2 |              4 |
|  clk_IBUF_BUFG                                                 | u_top_core/u_statemachine/phase_memoryaccess                                                                                                                           | u_top_core/u_instruction_decode/u_o2/rst_n_reg                        |                3 |              5 |
|  clk_IBUF_BUFG                                                 | u_top_core/u_register_file/selx24                                                                                                                                      | u_top_core/u_register_file/x22/rst_n_reg                              |                2 |              5 |
|  clk_IBUF_BUFG                                                 | u_top_core/u_statemachine/FSM_onehot_current_reg[1]_0[0]                                                                                                               | u_top_core/u_instruction_decode/u_o5/rst_n_reg                        |                1 |              7 |
|  clk_IBUF_BUFG                                                 | u_top_core/u_top_execute/FSM_onehot_current_reg[4][0]                                                                                                                  | u_top_core/u_instruction_decode/u_o2/rst_n_reg                        |                2 |              7 |
|  clk_IBUF_BUFG                                                 | U_localbus/U_top_vgacontroller/U_vram/U0/inst_blk_mem_gen/gnbram.gnativebmg.native_blk_mem_gen/valid.cstr/has_mux_a.A/no_softecc_sel_reg.ce_pri.sel_pipe[6]_i_1__0_n_0 |                                                                       |                4 |              7 |
|  clk_IBUF_BUFG                                                 | u_top_core/u_statemachine/phase_writeback                                                                                                                              | u_top_core/u_instruction_decode/u_o5/rst_n_reg                        |                2 |              7 |
|  clk_IBUF_BUFG                                                 |                                                                                                                                                                        | cnt[7]_i_1_n_0                                                        |                2 |              7 |
|  clk_IBUF_BUFG                                                 | u_top_core/u_top_execute/E[0]                                                                                                                                          | U_localbus/U_top_gpio/U_fnc_gpio/DeigtalFilter[4].U_dfilter/rst_n_reg |                2 |              8 |
|  clk_IBUF_BUFG                                                 | u_top_core/u_top_memoryaccess/latch_memoryaccess_reg[0]_5[0]                                                                                                           | u_top_core/u_register_file/x11/rst_n_reg                              |                3 |              8 |
|  clk_IBUF_BUFG                                                 | u_top_core/u_statemachine/phase_writeback                                                                                                                              | u_top_core/u_instruction_decode/u_o3/rst_n_reg                        |                2 |              8 |
|  clk_IBUF_BUFG                                                 | u_top_core/u_top_execute/FSM_onehot_current_reg[4]_0[0]                                                                                                                | U_localbus/U_top_gpio/U_fnc_gpio/DeigtalFilter[4].U_dfilter/rst_n_reg |                1 |              8 |
|  clk_IBUF_BUFG                                                 | u_top_core/u_statemachine/E[0]                                                                                                                                         | u_top_core/u_top_memoryaccess/rst_n_reg                               |                8 |              9 |
|  clk_IBUF_BUFG                                                 | u_top_core/u_register_file/selx16                                                                                                                                      | u_top_core/u_register_file/x14/rst_n_reg                              |                4 |              9 |
|  clk_IBUF_BUFG                                                 |                                                                                                                                                                        |                                                                       |                7 |             10 |
|  U_localbus/U_top_vgacontroller/U_pll_pixelclock/inst/pixelclk |                                                                                                                                                                        | U_localbus/U_top_vgacontroller/U_fnc_vgacontroller/rst_n_reg          |                2 |             10 |
|  U_localbus/U_top_vgacontroller/U_pll_pixelclock/inst/pixelclk | U_localbus/U_top_vgacontroller/U_fnc_vgacontroller/vercount[9]_i_1_n_0                                                                                                 | U_localbus/U_top_vgacontroller/U_fnc_vgacontroller/rst_n_reg          |                3 |             10 |
|  U_localbus/U_top_vgacontroller/U_pll_pixelclock/inst/pixelclk |                                                                                                                                                                        |                                                                       |                6 |             11 |
|  clk_IBUF_BUFG                                                 | u_top_core/u_statemachine/FSM_onehot_current_reg[1]_0[0]                                                                                                               | u_top_core/u_instruction_decode/u_o3/rst_n_reg                        |                4 |             11 |
|  clk_IBUF_BUFG                                                 | u_top_core/u_top_memoryaccess/latch_memoryaccess_reg[0]_1[0]                                                                                                           | u_top_core/u_register_file/x3/rst_n_reg                               |                8 |             12 |
|  clk_IBUF_BUFG                                                 | u_top_core/u_statemachine/FSM_onehot_current_reg[1]_0[0]                                                                                                               | U_localbus/U_top_gpio/U_fnc_gpio/DeigtalFilter[5].U_dfilter/rst_n_reg |                3 |             12 |
|  clk_IBUF_BUFG                                                 | u_top_core/u_statemachine/FSM_onehot_current_reg[2]_0[0]                                                                                                               | U_localbus/U_top_gpio/U_fnc_gpio/DeigtalFilter[5].U_dfilter/rst_n_reg |                2 |             12 |
|  clk_IBUF_BUFG                                                 | u_top_core/u_register_file/selx8                                                                                                                                       | u_top_core/u_register_file/x6/rst_n_reg                               |                6 |             13 |
|  clk_IBUF_BUFG                                                 | u_top_core/u_top_execute/latch_execute_reg[50]_0                                                                                                                       | U_localbus/U_top_gpio/U_fnc_gpio/DeigtalFilter[4].U_dfilter/rst_n_reg |                3 |             13 |
|  clk_IBUF_BUFG                                                 | u_top_core/u_statemachine/FSM_onehot_current_reg[1]_0[0]                                                                                                               | u_top_core/u_top_memoryaccess/rst_n_reg                               |                3 |             14 |
|  clk_IBUF_BUFG                                                 | u_top_core/u_register_file/data[31]_i_1_n_0                                                                                                                            | u_top_core/u_register_file/x6/rst_n_reg                               |                4 |             15 |
|  clk_IBUF_BUFG                                                 | u_top_core/u_statemachine/E[0]                                                                                                                                         | u_top_core/u_instruction_decode/u_o3/rst_n_reg                        |                7 |             15 |
|  clk_IBUF_BUFG                                                 | u_top_core/u_register_file/data[31]_i_1_n_0                                                                                                                            | u_top_core/u_register_file/x3/rst_n_reg                               |                8 |             16 |
|  clk_IBUF_BUFG                                                 | u_top_core/u_statemachine/phase_writeback                                                                                                                              | u_top_core/u_top_memoryaccess/rst_n_reg                               |                5 |             17 |
|  clk_IBUF_BUFG                                                 | u_top_core/u_statemachine/E[0]                                                                                                                                         | U_localbus/U_top_gpio/U_fnc_gpio/DeigtalFilter[4].U_dfilter/rst_n_reg |               17 |             17 |
|  clk_IBUF_BUFG                                                 | u_top_core/u_statemachine/FSM_onehot_current_reg[1]_0[0]                                                                                                               | u_top_core/u_instruction_decode/u_o2/rst_n_reg                        |                5 |             19 |
|  U_localbus/U_top_vgacontroller/U_pll_pixelclock/inst/pixelclk | U_localbus/U_top_vgacontroller/U_fnc_vgacontroller/addr[0]_i_1_n_0                                                                                                     | U_localbus/U_top_vgacontroller/U_fnc_vgacontroller/rst_n_reg          |                5 |             19 |
|  clk_IBUF_BUFG                                                 | u_top_core/u_register_file/selx8                                                                                                                                       | u_top_core/u_register_file/x14/rst_n_reg                              |               12 |             19 |
|  clk_IBUF_BUFG                                                 | u_top_core/u_statemachine/E[0]                                                                                                                                         | U_localbus/U_top_gpio/U_fnc_gpio/DeigtalFilter[5].U_dfilter/rst_n_reg |               10 |             20 |
|  clk_IBUF_BUFG                                                 | u_top_core/u_top_memoryaccess/latch_memoryaccess_reg[0]_1[0]                                                                                                           | u_top_core/u_register_file/x11/rst_n_reg                              |               13 |             20 |
|  clk_IBUF_BUFG                                                 |                                                                                                                                                                        | U_localbus/U_top_gpio/U_fnc_gpio/DeigtalFilter[4].U_dfilter/rst_n_reg |               10 |             21 |
|  clk_IBUF_BUFG                                                 | u_top_core/u_statemachine/E[0]                                                                                                                                         | u_top_core/u_instruction_decode/u_o2/rst_n_reg                        |                5 |             23 |
|  clk_IBUF_BUFG                                                 | u_top_core/u_register_file/selx16                                                                                                                                      | u_top_core/u_register_file/x22/rst_n_reg                              |               10 |             23 |
|  clk_IBUF_BUFG                                                 | u_top_core/u_statemachine/FSM_onehot_current_reg[2]_0[0]                                                                                                               | u_top_core/u_instruction_decode/u_o2/rst_n_reg                        |                6 |             24 |
|  clk_IBUF_BUFG                                                 | u_top_core/u_top_memoryaccess/latch_memoryaccess_reg[0]_5[0]                                                                                                           | u_top_core/u_register_file/x19/rst_n_reg                              |               12 |             24 |
|  clk_IBUF_BUFG                                                 | u_top_core/u_statemachine/E[0]                                                                                                                                         | u_top_core/u_instruction_decode/u_o5/rst_n_reg                        |               13 |             25 |
|  clk_IBUF_BUFG                                                 | u_top_core/u_register_file/selx24                                                                                                                                      | u_top_core/u_register_file/x30/rst_n_reg                              |               12 |             27 |
|  clk_IBUF_BUFG                                                 | u_top_core/u_top_memoryaccess/latch_memoryaccess_reg[0]_3[0]                                                                                                           | u_top_core/u_register_file/x27/rst_n_reg                              |               11 |             28 |
|  clk_IBUF_BUFG                                                 |                                                                                                                                                                        | u_top_core/u_instruction_decode/u_o2/rst_n_reg                        |                7 |             30 |
|  clk_IBUF_BUFG                                                 | u_top_core/u_register_file/selx15                                                                                                                                      | u_top_core/u_register_file/x11/rst_n_reg                              |               16 |             32 |
|  clk_IBUF_BUFG                                                 | u_top_core/u_top_memoryaccess/latch_memoryaccess_reg[0]_4[0]                                                                                                           | u_top_core/u_register_file/x19/rst_n_reg                              |               15 |             32 |
|  clk_IBUF_BUFG                                                 | u_top_core/u_register_file/selx14                                                                                                                                      | u_top_core/u_register_file/x14/rst_n_reg                              |               12 |             32 |
|  clk_IBUF_BUFG                                                 | u_top_core/u_register_file/selx12                                                                                                                                      | u_top_core/u_register_file/x14/rst_n_reg                              |               10 |             32 |
|  clk_IBUF_BUFG                                                 | u_top_core/u_register_file/selx11                                                                                                                                      | u_top_core/u_register_file/x11/rst_n_reg                              |               17 |             32 |
|  clk_IBUF_BUFG                                                 | u_top_core/u_top_memoryaccess/latch_memoryaccess_reg[0]_2[0]                                                                                                           | u_top_core/u_register_file/x27/rst_n_reg                              |               14 |             32 |
|  clk_IBUF_BUFG                                                 | u_top_core/u_register_file/selx18                                                                                                                                      | u_top_core/u_register_file/x22/rst_n_reg                              |               11 |             32 |
|  clk_IBUF_BUFG                                                 | u_top_core/u_register_file/selx10                                                                                                                                      | u_top_core/u_register_file/x14/rst_n_reg                              |               15 |             32 |
|  clk_IBUF_BUFG                                                 | u_top_core/u_register_file/selx19                                                                                                                                      | u_top_core/u_register_file/x19/rst_n_reg                              |               10 |             32 |
|  clk_IBUF_BUFG                                                 | u_top_core/u_top_memoryaccess/latch_memoryaccess_reg[0]_0[0]                                                                                                           | u_top_core/u_register_file/x11/rst_n_reg                              |               14 |             32 |
|  clk_IBUF_BUFG                                                 | u_top_core/u_register_file/selx20                                                                                                                                      | u_top_core/u_register_file/x22/rst_n_reg                              |               14 |             32 |
|  clk_IBUF_BUFG                                                 | u_top_core/u_top_memoryaccess/E[0]                                                                                                                                     | u_top_core/u_register_file/x3/rst_n_reg                               |               13 |             32 |
|  clk_IBUF_BUFG                                                 | u_top_core/u_register_file/selx22                                                                                                                                      | u_top_core/u_register_file/x22/rst_n_reg                              |               15 |             32 |
|  clk_IBUF_BUFG                                                 | u_top_core/u_register_file/selx7                                                                                                                                       | u_top_core/u_register_file/x3/rst_n_reg                               |               20 |             32 |
|  clk_IBUF_BUFG                                                 | u_top_core/u_register_file/selx6                                                                                                                                       | u_top_core/u_register_file/x6/rst_n_reg                               |               15 |             32 |
|  clk_IBUF_BUFG                                                 | u_top_core/u_register_file/selx4                                                                                                                                       | u_top_core/u_register_file/x6/rst_n_reg                               |               14 |             32 |
|  clk_IBUF_BUFG                                                 | u_top_core/u_register_file/selx31                                                                                                                                      | u_top_core/u_register_file/x27/rst_n_reg                              |               19 |             32 |
|  clk_IBUF_BUFG                                                 | u_top_core/u_register_file/selx30                                                                                                                                      | u_top_core/u_register_file/x30/rst_n_reg                              |               15 |             32 |
|  clk_IBUF_BUFG                                                 | u_top_core/u_register_file/selx3                                                                                                                                       | u_top_core/u_register_file/x3/rst_n_reg                               |               14 |             32 |
|  clk_IBUF_BUFG                                                 | u_top_core/u_register_file/selx28                                                                                                                                      | u_top_core/u_register_file/x30/rst_n_reg                              |                9 |             32 |
|  clk_IBUF_BUFG                                                 | u_top_core/u_register_file/selx27                                                                                                                                      | u_top_core/u_register_file/x27/rst_n_reg                              |               13 |             32 |
|  clk_IBUF_BUFG                                                 | u_top_core/u_register_file/selx26                                                                                                                                      | u_top_core/u_register_file/x30/rst_n_reg                              |                9 |             32 |
|  clk_IBUF_BUFG                                                 | u_top_core/u_register_file/selx23                                                                                                                                      | u_top_core/u_register_file/x19/rst_n_reg                              |               20 |             32 |
|  clk_IBUF_BUFG                                                 | u_top_core/u_register_file/selx2                                                                                                                                       | u_top_core/u_register_file/x6/rst_n_reg                               |                9 |             32 |
|  clk_IBUF_BUFG                                                 | U_localbus/U_top_gpio/U_fnc_gpio/U_refclk/E[0]                                                                                                                         | U_localbus/U_top_gpio/U_fnc_gpio/DeigtalFilter[4].U_dfilter/rst_n_reg |               16 |             40 |
|  clk_IBUF_BUFG                                                 | U_localbus/U_top_gpio/U_fnc_gpio/U_refclk/E[0]                                                                                                                         | U_localbus/U_top_gpio/U_fnc_gpio/DeigtalFilter[5].U_dfilter/rst_n_reg |               26 |             64 |
|  clk_IBUF_BUFG                                                 | u_top_core/u_statemachine/FSM_onehot_current_reg[2]_0[0]                                                                                                               | u_top_core/u_instruction_decode/u_o5/rst_n_reg                        |               30 |             67 |
|  clk_IBUF_BUFG                                                 | u_top_core/u_statemachine/phase_memoryaccess                                                                                                                           | u_top_core/u_top_memoryaccess/rst_n_reg                               |               15 |             68 |
|  clk_IBUF_BUFG                                                 | u_top_core/u_statemachine/FSM_onehot_current_reg[2]_0[0]                                                                                                               | u_top_core/u_instruction_decode/u_o3/rst_n_reg                        |               32 |             74 |
+----------------------------------------------------------------+------------------------------------------------------------------------------------------------------------------------------------------------------------------------+-----------------------------------------------------------------------+------------------+----------------+


